// Jest Snapshot v1, https://goo.gl/fbAQLP

exports[`Header component renders correctly (snapshot) 1`] = `ReactWrapper {}`;
